<!DOCTYPE html>
<html lang="en">
<head>
    <meta charset="UTF-8">
    <link rel="stylesheet" href="css/style.css">
    <title>Golden</title>
</head>
<body>

<header>
    <div class="container">
        <nav class="nav-bar-container">
            <img src="img/logo.png" alt="logo" class="logo">
            <ul class="nav-bar">
                <li><a class="nav-link" href="#">home</a></li>
                <li><a class="nav-link" href="#">services</a></li>
                <li><a class="nav-link" href="#">portfolio</a></li>
                <li><a class="nav-link" href="#">about</a></li>
                <li><a class="nav-link" href="#">contact</a></li>
            </ul>
        </nav>

        <h1>welcome to our studio!</h1>
        <h1>it's nice to meet you</h1>
        <button>tell me more</button>
    </div>
</header>
<section>

</section>

<section></section>
<section></section>
</body>
</html>